$ vite build
vite v5.4.19 building for production...
transforming...
Browserslist: browsers data (caniuse-lite) is 10 months old. Please run:
  npx update-browserslist-db@latest
  Why you should do it regularly: https://github.com/browserslist/update-db#readme
✓ 2219 modules transformed.
rendering chunks...
computing gzip size...
dist/index.html                     1.39 kB │ gzip:   0.54 kB
dist/assets/index-bDr-yjm4.css    116.24 kB │ gzip:  17.82 kB
dist/assets/index-DqTxAqkx.js   1,081.86 kB │ gzip: 311.49 kB

(!) Some chunks are larger than 500 kB after minification. Consider:
- Using dynamic import() to code-split the application
- Use build.rollupOptions.output.manualChunks to improve chunking: https://rollupjs.org/configuration-options/#output-manualchunks
- Adjust chunk size limit for this warning via build.chunkSizeWarningLimit.
✓ built in 8.26s
$ bun run sync-articles
$ bun scripts/sync-articles.ts
🔄 Starting articles synchronization...
📄 Found 407 markdown files.
✅ Successfully rebuilt index with 407 unique articles.
🗺️  Updating sitemap...
$ bun scripts/generate-sitemap.ts
🗺️  Generating sitemap...
📄 Using local articles-index.json for sitemap generation...
✅ Loaded 407 articles from index.
✅ Sitemap generated successfully: /app/public/sitemap.xml (420 URLs)
📊 Total URLs processed: 420
✅ Sitemap updated successfully.
